../Core/Src/main.c:169:5:main	96	static
../Core/Src/main.c:310:6:SystemClock_Config	88	static
../Core/Src/main.c:372:6:PeriphCommonClock_Config	152	static
../Core/Src/main.c:399:13:MX_ADC1_Init	24	static
../Core/Src/main.c:451:13:MX_ADC3_Init	24	static
../Core/Src/main.c:503:13:MX_CRC_Init	8	static
../Core/Src/main.c:534:13:MX_DMA2D_Init	8	static
../Core/Src/main.c:573:13:MX_DSIHOST_DSI_Init	176	static
../Core/Src/main.c:682:13:MX_ETH_Init	8	static
../Core/Src/main.c:731:13:MX_HDMI_CEC_Init	8	static
../Core/Src/main.c:767:13:MX_I2C1_Init	8	static
../Core/Src/main.c:815:13:MX_I2C4_Init	8	static
../Core/Src/main.c:863:13:MX_IWDG_Init	8	static
../Core/Src/main.c:892:13:MX_LTDC_Init	64	static
../Core/Src/main.c:954:13:MX_QUADSPI_Init	8	static
../Core/Src/main.c:989:13:MX_RTC_Init	72	static
../Core/Src/main.c:1078:13:MX_SAI1_Init	8	static
../Core/Src/main.c:1153:13:MX_SAI2_Init	8	static
../Core/Src/main.c:1187:13:MX_SPDIFRX_Init	8	static
../Core/Src/main.c:1223:13:MX_SPI2_Init	8	static
../Core/Src/main.c:1263:13:MX_TIM1_Init	40	static
../Core/Src/main.c:1310:13:MX_TIM3_Init	48	static
../Core/Src/main.c:1359:13:MX_TIM10_Init	40	static
../Core/Src/main.c:1405:13:MX_TIM11_Init	40	static
../Core/Src/main.c:1451:13:MX_TIM12_Init	40	static
../Core/Src/main.c:1493:13:MX_UART5_Init	8	static
../Core/Src/main.c:1528:13:MX_USART1_UART_Init	8	static
../Core/Src/main.c:1563:13:MX_USART6_UART_Init	8	static
../Core/Src/main.c:1598:13:MX_USB_OTG_HS_PCD_Init	8	static
../Core/Src/main.c:1634:13:MX_WWDG_Init	8	static
../Core/Src/main.c:1660:13:MX_FMC_Init	40	static
../Core/Src/main.c:1711:13:MX_GPIO_Init	72	static
../Core/Src/main.c:1857:6:StartDefaultTask	16	static
../Core/Src/main.c:1876:6:HAL_TIM_PeriodElapsedCallback	16	static
../Core/Src/main.c:1894:6:Error_Handler	8	static,ignoring_inline_asm
