../Drivers/STM32F7xx_HAL_Driver/Src/stm32f7xx_hal_rtc.c:256:19:HAL_RTC_Init	24	static
../Drivers/STM32F7xx_HAL_Driver/Src/stm32f7xx_hal_rtc.c:369:19:HAL_RTC_DeInit	24	static
../Drivers/STM32F7xx_HAL_Driver/Src/stm32f7xx_hal_rtc.c:653:13:HAL_RTC_MspInit	16	static
../Drivers/STM32F7xx_HAL_Driver/Src/stm32f7xx_hal_rtc.c:669:13:HAL_RTC_MspDeInit	16	static
../Drivers/STM32F7xx_HAL_Driver/Src/stm32f7xx_hal_rtc.c:710:19:HAL_RTC_SetTime	40	static
../Drivers/STM32F7xx_HAL_Driver/Src/stm32f7xx_hal_rtc.c:824:19:HAL_RTC_GetTime	32	static
../Drivers/STM32F7xx_HAL_Driver/Src/stm32f7xx_hal_rtc.c:869:19:HAL_RTC_SetDate	40	static
../Drivers/STM32F7xx_HAL_Driver/Src/stm32f7xx_hal_rtc.c:958:19:HAL_RTC_GetDate	32	static
../Drivers/STM32F7xx_HAL_Driver/Src/stm32f7xx_hal_rtc.c:1016:19:HAL_RTC_SetAlarm	48	static
../Drivers/STM32F7xx_HAL_Driver/Src/stm32f7xx_hal_rtc.c:1214:19:HAL_RTC_SetAlarm_IT	48	static
../Drivers/STM32F7xx_HAL_Driver/Src/stm32f7xx_hal_rtc.c:1409:19:HAL_RTC_DeactivateAlarm	24	static
../Drivers/STM32F7xx_HAL_Driver/Src/stm32f7xx_hal_rtc.c:1507:19:HAL_RTC_GetAlarm	32	static
../Drivers/STM32F7xx_HAL_Driver/Src/stm32f7xx_hal_rtc.c:1558:6:HAL_RTC_AlarmIRQHandler	16	static
../Drivers/STM32F7xx_HAL_Driver/Src/stm32f7xx_hal_rtc.c:1609:13:HAL_RTC_AlarmAEventCallback	16	static
../Drivers/STM32F7xx_HAL_Driver/Src/stm32f7xx_hal_rtc.c:1626:19:HAL_RTC_PollForAlarmAEvent	24	static
../Drivers/STM32F7xx_HAL_Driver/Src/stm32f7xx_hal_rtc.c:1690:19:HAL_RTC_WaitForSynchro	24	static
../Drivers/STM32F7xx_HAL_Driver/Src/stm32f7xx_hal_rtc.c:1719:6:HAL_RTC_DST_Add1Hour	16	static
../Drivers/STM32F7xx_HAL_Driver/Src/stm32f7xx_hal_rtc.c:1733:6:HAL_RTC_DST_Sub1Hour	16	static
../Drivers/STM32F7xx_HAL_Driver/Src/stm32f7xx_hal_rtc.c:1747:6:HAL_RTC_DST_SetStoreOperation	16	static
../Drivers/STM32F7xx_HAL_Driver/Src/stm32f7xx_hal_rtc.c:1760:6:HAL_RTC_DST_ClearStoreOperation	16	static
../Drivers/STM32F7xx_HAL_Driver/Src/stm32f7xx_hal_rtc.c:1772:10:HAL_RTC_DST_ReadStoreOperation	16	static
../Drivers/STM32F7xx_HAL_Driver/Src/stm32f7xx_hal_rtc.c:1801:21:HAL_RTC_GetState	16	static
../Drivers/STM32F7xx_HAL_Driver/Src/stm32f7xx_hal_rtc.c:1827:19:RTC_EnterInitMode	24	static
../Drivers/STM32F7xx_HAL_Driver/Src/stm32f7xx_hal_rtc.c:1862:19:RTC_ExitInitMode	24	static
../Drivers/STM32F7xx_HAL_Driver/Src/stm32f7xx_hal_rtc.c:1888:9:RTC_ByteToBcd2	24	static
../Drivers/STM32F7xx_HAL_Driver/Src/stm32f7xx_hal_rtc.c:1906:9:RTC_Bcd2ToByte	24	static
