../Drivers/STM32F7xx_HAL_Driver/Src/stm32f7xx_hal_rtc_ex.c:167:19:HAL_RTCEx_SetTimeStamp	32	static
../Drivers/STM32F7xx_HAL_Driver/Src/stm32f7xx_hal_rtc_ex.c:236:19:HAL_RTCEx_SetTimeStamp_IT	32	static
../Drivers/STM32F7xx_HAL_Driver/Src/stm32f7xx_hal_rtc_ex.c:299:19:HAL_RTCEx_DeactivateTimeStamp	24	static
../Drivers/STM32F7xx_HAL_Driver/Src/stm32f7xx_hal_rtc_ex.c:338:19:HAL_RTCEx_SetInternalTimeStamp	16	static
../Drivers/STM32F7xx_HAL_Driver/Src/stm32f7xx_hal_rtc_ex.c:372:19:HAL_RTCEx_DeactivateInternalTimeStamp	16	static
../Drivers/STM32F7xx_HAL_Driver/Src/stm32f7xx_hal_rtc_ex.c:408:19:HAL_RTCEx_GetTimeStamp	32	static
../Drivers/STM32F7xx_HAL_Driver/Src/stm32f7xx_hal_rtc_ex.c:465:19:HAL_RTCEx_SetTamper	24	static
../Drivers/STM32F7xx_HAL_Driver/Src/stm32f7xx_hal_rtc_ex.c:620:19:HAL_RTCEx_SetTamper_IT	24	static
../Drivers/STM32F7xx_HAL_Driver/Src/stm32f7xx_hal_rtc_ex.c:769:19:HAL_RTCEx_DeactivateTamper	16	static
../Drivers/STM32F7xx_HAL_Driver/Src/stm32f7xx_hal_rtc_ex.c:811:6:HAL_RTCEx_TamperTimeStampIRQHandler	16	static
../Drivers/STM32F7xx_HAL_Driver/Src/stm32f7xx_hal_rtc_ex.c:899:13:HAL_RTCEx_TimeStampEventCallback	16	static
../Drivers/STM32F7xx_HAL_Driver/Src/stm32f7xx_hal_rtc_ex.c:915:13:HAL_RTCEx_Tamper1EventCallback	16	static
../Drivers/STM32F7xx_HAL_Driver/Src/stm32f7xx_hal_rtc_ex.c:931:13:HAL_RTCEx_Tamper2EventCallback	16	static
../Drivers/STM32F7xx_HAL_Driver/Src/stm32f7xx_hal_rtc_ex.c:947:13:HAL_RTCEx_Tamper3EventCallback	16	static
../Drivers/STM32F7xx_HAL_Driver/Src/stm32f7xx_hal_rtc_ex.c:964:19:HAL_RTCEx_PollForTimeStampEvent	24	static
../Drivers/STM32F7xx_HAL_Driver/Src/stm32f7xx_hal_rtc_ex.c:1007:19:HAL_RTCEx_PollForTamper1Event	24	static
../Drivers/STM32F7xx_HAL_Driver/Src/stm32f7xx_hal_rtc_ex.c:1043:19:HAL_RTCEx_PollForTamper2Event	24	static
../Drivers/STM32F7xx_HAL_Driver/Src/stm32f7xx_hal_rtc_ex.c:1079:19:HAL_RTCEx_PollForTamper3Event	24	static
../Drivers/STM32F7xx_HAL_Driver/Src/stm32f7xx_hal_rtc_ex.c:1131:19:HAL_RTCEx_SetWakeUpTimer	32	static
../Drivers/STM32F7xx_HAL_Driver/Src/stm32f7xx_hal_rtc_ex.c:1227:19:HAL_RTCEx_SetWakeUpTimer_IT	32	static
../Drivers/STM32F7xx_HAL_Driver/Src/stm32f7xx_hal_rtc_ex.c:1328:19:HAL_RTCEx_DeactivateWakeUpTimer	24	static
../Drivers/STM32F7xx_HAL_Driver/Src/stm32f7xx_hal_rtc_ex.c:1383:10:HAL_RTCEx_GetWakeUpTimer	16	static
../Drivers/STM32F7xx_HAL_Driver/Src/stm32f7xx_hal_rtc_ex.c:1400:6:HAL_RTCEx_WakeUpTimerIRQHandler	16	static
../Drivers/STM32F7xx_HAL_Driver/Src/stm32f7xx_hal_rtc_ex.c:1429:13:HAL_RTCEx_WakeUpTimerEventCallback	16	static
../Drivers/STM32F7xx_HAL_Driver/Src/stm32f7xx_hal_rtc_ex.c:1446:19:HAL_RTCEx_PollForWakeUpTimerEvent	24	static
../Drivers/STM32F7xx_HAL_Driver/Src/stm32f7xx_hal_rtc_ex.c:1512:6:HAL_RTCEx_BKUPWrite	32	static
../Drivers/STM32F7xx_HAL_Driver/Src/stm32f7xx_hal_rtc_ex.c:1535:10:HAL_RTCEx_BKUPRead	24	static
../Drivers/STM32F7xx_HAL_Driver/Src/stm32f7xx_hal_rtc_ex.c:1569:19:HAL_RTCEx_SetSmoothCalib	32	static
../Drivers/STM32F7xx_HAL_Driver/Src/stm32f7xx_hal_rtc_ex.c:1641:19:HAL_RTCEx_SetSynchroShift	32	static
../Drivers/STM32F7xx_HAL_Driver/Src/stm32f7xx_hal_rtc_ex.c:1736:19:HAL_RTCEx_SetCalibrationOutPut	16	static
../Drivers/STM32F7xx_HAL_Driver/Src/stm32f7xx_hal_rtc_ex.c:1775:19:HAL_RTCEx_DeactivateCalibrationOutPut	16	static
../Drivers/STM32F7xx_HAL_Driver/Src/stm32f7xx_hal_rtc_ex.c:1805:19:HAL_RTCEx_SetRefClock	24	static
../Drivers/STM32F7xx_HAL_Driver/Src/stm32f7xx_hal_rtc_ex.c:1849:19:HAL_RTCEx_DeactivateRefClock	24	static
../Drivers/STM32F7xx_HAL_Driver/Src/stm32f7xx_hal_rtc_ex.c:1895:19:HAL_RTCEx_EnableBypassShadow	16	static
../Drivers/STM32F7xx_HAL_Driver/Src/stm32f7xx_hal_rtc_ex.c:1928:19:HAL_RTCEx_DisableBypassShadow	16	static
../Drivers/STM32F7xx_HAL_Driver/Src/stm32f7xx_hal_rtc_ex.c:1978:13:HAL_RTCEx_AlarmBEventCallback	16	static
../Drivers/STM32F7xx_HAL_Driver/Src/stm32f7xx_hal_rtc_ex.c:1995:19:HAL_RTCEx_PollForAlarmBEvent	24	static
